// Jest Snapshot v1, https://goo.gl/fbAQLP

exports[`HomeScreen navigates to the quiz on button press 1`] = `
<View
  style={
    {
      "marginTop": 30,
    }
  }
>
  <Image
    source={
      {
        "uri": "https://freesvg.org/img/Math-Girl-.png",
      }
    }
    style={
      {
        "height": 370,
        "resizeMode": "contain",
        "width": "100%",
      }
    }
  />
  <View
    style={
      {
        "padding": 10,
      }
    }
  >
    <Text
      style={
        {
          "color": "#d257d2",
          "fontSize": 20,
          "fontWeight": "600",
          "textAlign": "center",
        }
      }
    >
      QUIZ RULES
    </Text>
    <View
      style={
        {
          "backgroundColor": "#f2f6a2",
          "borderRadius": 6,
          "marginTop": 15,
          "padding": 10,
        }
      }
    >
      <View
        style={
          {
            "alignItems": "flex-start",
          }
        }
      >
        <View
          style={
            {
              "alignItems": "center",
              "flexDirection": "row",
              "margin": 5,
            }
          }
        >
          <Text
            style={
              {
                "color": "#d257d2",
                "fontWeight": "500",
              }
            }
          >
            •
          </Text>
          <Text
            style={
              {
                "color": "#d257d2",
                "fontWeight": "500",
                "marginLeft": 5,
              }
            }
          >
            Each Question will display a 10 frame
          </Text>
        </View>
        <View
          style={
            {
              "alignItems": "center",
              "flexDirection": "row",
              "margin": 5,
            }
          }
        >
          <Text
            style={
              {
                "color": "#d257d2",
                "fontWeight": "500",
              }
            }
          >
            •
          </Text>
          <Text
            style={
              {
                "color": "#d257d2",
                "fontWeight": "500",
                "marginLeft": 5,
              }
            }
          >
            Type Your Answer in the input provided
          </Text>
        </View>
        <View
          style={
            {
              "alignItems": "center",
              "flexDirection": "row",
              "margin": 5,
            }
          }
        >
          <Text
            style={
              {
                "color": "#d257d2",
                "fontWeight": "500",
              }
            }
          >
            •
          </Text>
          <Text
            style={
              {
                "color": "#d257d2",
                "fontWeight": "500",
                "marginLeft": 5,
              }
            }
          >
            Answer all 5 questions to see your score!
          </Text>
        </View>
      </View>
    </View>
  </View>
  <View
    accessibilityState={
      {
        "busy": undefined,
        "checked": undefined,
        "disabled": undefined,
        "expanded": undefined,
        "selected": undefined,
      }
    }
    accessibilityValue={
      {
        "max": undefined,
        "min": undefined,
        "now": undefined,
        "text": undefined,
      }
    }
    accessible={true}
    collapsable={false}
    focusable={true}
    onBlur={[Function]}
    onClick={[Function]}
    onFocus={[Function]}
    onResponderGrant={[Function]}
    onResponderMove={[Function]}
    onResponderRelease={[Function]}
    onResponderTerminate={[Function]}
    onResponderTerminationRequest={[Function]}
    onStartShouldSetResponder={[Function]}
    style={
      {
        "backgroundColor": "#d057d2",
        "borderRadius": 15,
        "marginLeft": "auto",
        "marginRight": "auto",
        "marginTop": 15,
        "padding": 15,
      }
    }
  >
    <Text
      style={
        {
          "color": "white",
          "fontSize": 20,
          "fontWeight": "600",
        }
      }
    >
      START QUIZ
    </Text>
  </View>
</View>
`;
