// Jest Snapshot v1, https://goo.gl/fbAQLP

exports[`QuizScreen renders correctly 1`] = `
<RCTSafeAreaView>
  <View
    style={
      {
        "alignItems": "center",
        "flexDirection": "row",
        "justifyContent": "space-between",
        "padding": 10,
      }
    }
  >
    <Text
      style={
        {
          "color": "#d257d2",
          "fontSize": 20,
          "fontWeight": "600",
        }
      }
      testID="quiz-title"
    >
      MATHS CHALLENGE
    </Text>
    <Text
      style={
        {
          "backgroundColor": "#d057d2",
          "borderRadius": 10,
          "color": "white",
          "fontSize": 20,
          "fontWeight": "600",
          "padding": 10,
        }
      }
      testID="quiz-timer"
    >
      15
    </Text>
  </View>
  <View
    style={
      {
        "alignItems": "center",
        "flexDirection": "row",
        "justifyContent": "space-between",
        "marginHorizontal": 10,
      }
    }
  >
    <Text
      style={
        {
          "color": "#d257d2",
          "fontSize": 15,
          "fontWeight": "600",
        }
      }
    >
      Your Progress
    </Text>
    <Text
      style={
        {
          "color": "#d257d2",
          "fontSize": 15,
          "fontWeight": "600",
        }
      }
    >
      (
      0
      /
      5
      ) questions answered
    </Text>
  </View>
  <View
    style={
      {
        "backgroundColor": "#f2f6a2",
        "borderRadius": 10,
        "marginHorizontal": 10,
        "marginTop": 20,
        "padding": 15,
      }
    }
  >
    <Text
      style={
        {
          "color": "#d257d2",
          "fontSize": 20,
          "fontWeight": "600",
          "marginBottom": 20,
          "textAlign": "center",
        }
      }
    >
      How many blue counters?
    </Text>
    <View>
      <View
        style={
          {
            "flexDirection": "row",
            "marginLeft": "auto",
            "marginRight": "auto",
          }
        }
      >
        <View
          style={
            {
              "borderColor": "black",
              "borderWidth": 2,
              "padding": 20,
            }
          }
        >
          <View
            style={
              {
                "alignItems": "center",
                "backgroundColor": "red",
                "borderRadius": 100,
                "height": 25,
                "width": 25,
              }
            }
          />
        </View>
        <View
          style={
            {
              "borderColor": "black",
              "borderWidth": 2,
              "padding": 20,
            }
          }
        >
          <View
            style={
              {
                "alignItems": "center",
                "backgroundColor": "red",
                "borderRadius": 100,
                "height": 25,
                "width": 25,
              }
            }
          />
        </View>
        <View
          style={
            {
              "borderColor": "black",
              "borderWidth": 2,
              "padding": 20,
            }
          }
        >
          <View
            style={
              {
                "alignItems": "center",
                "backgroundColor": "red",
                "borderRadius": 100,
                "height": 25,
                "width": 25,
              }
            }
          />
        </View>
        <View
          style={
            {
              "borderColor": "black",
              "borderWidth": 2,
              "padding": 20,
            }
          }
        >
          <View
            style={
              {
                "alignItems": "center",
                "backgroundColor": "white",
                "borderRadius": 100,
                "height": 25,
                "width": 25,
              }
            }
          />
        </View>
        <View
          style={
            {
              "borderColor": "black",
              "borderWidth": 2,
              "padding": 20,
            }
          }
        >
          <View
            style={
              {
                "alignItems": "center",
                "backgroundColor": "white",
                "borderRadius": 100,
                "height": 25,
                "width": 25,
              }
            }
          />
        </View>
      </View>
      <View
        style={
          {
            "flexDirection": "row",
            "marginLeft": "auto",
            "marginRight": "auto",
          }
        }
      >
        <View
          style={
            {
              "borderColor": "black",
              "borderWidth": 2,
              "padding": 20,
            }
          }
        >
          <View
            style={
              {
                "alignItems": "center",
                "backgroundColor": "white",
                "borderRadius": 100,
                "height": 25,
                "width": 25,
              }
            }
          />
        </View>
        <View
          style={
            {
              "borderColor": "black",
              "borderWidth": 2,
              "padding": 20,
            }
          }
        >
          <View
            style={
              {
                "alignItems": "center",
                "backgroundColor": "blue",
                "borderRadius": 100,
                "height": 25,
                "width": 25,
              }
            }
          />
        </View>
        <View
          style={
            {
              "borderColor": "black",
              "borderWidth": 2,
              "padding": 20,
            }
          }
        >
          <View
            style={
              {
                "alignItems": "center",
                "backgroundColor": "blue",
                "borderRadius": 100,
                "height": 25,
                "width": 25,
              }
            }
          />
        </View>
        <View
          style={
            {
              "borderColor": "black",
              "borderWidth": 2,
              "padding": 20,
            }
          }
        >
          <View
            style={
              {
                "alignItems": "center",
                "backgroundColor": "blue",
                "borderRadius": 100,
                "height": 25,
                "width": 25,
              }
            }
          />
        </View>
        <View
          style={
            {
              "borderColor": "black",
              "borderWidth": 2,
              "padding": 20,
            }
          }
        >
          <View
            style={
              {
                "alignItems": "center",
                "backgroundColor": "blue",
                "borderRadius": 100,
                "height": 25,
                "width": 25,
              }
            }
          />
        </View>
      </View>
    </View>
    <View
      style={
        {
          "marginTop": 20,
        }
      }
    >
      <View>
        <TextInput
          onBlur={[Function]}
          onChangeText={[Function]}
          placeholder="Answer"
          style={
            {
              "backgroundColor": "white",
              "borderRadius": 10,
              "padding": 15,
            }
          }
          value=""
        />
        <View
          accessibilityState={
            {
              "busy": undefined,
              "checked": undefined,
              "disabled": undefined,
              "expanded": undefined,
              "selected": undefined,
            }
          }
          accessibilityValue={
            {
              "max": undefined,
              "min": undefined,
              "now": undefined,
              "text": undefined,
            }
          }
          accessible={true}
          collapsable={false}
          focusable={true}
          onBlur={[Function]}
          onClick={[Function]}
          onFocus={[Function]}
          onResponderGrant={[Function]}
          onResponderMove={[Function]}
          onResponderRelease={[Function]}
          onResponderTerminate={[Function]}
          onResponderTerminationRequest={[Function]}
          onStartShouldSetResponder={[Function]}
          style={
            {
              "backgroundColor": "#d057d2",
              "borderRadius": 15,
              "marginLeft": "auto",
              "marginRight": "auto",
              "marginTop": 15,
              "padding": 15,
            }
          }
        >
          <Text
            style={
              {
                "color": "white",
                "fontSize": 20,
                "fontWeight": "600",
              }
            }
          >
            SUBMIT
          </Text>
        </View>
      </View>
    </View>
  </View>
</RCTSafeAreaView>
`;
